../Core/Src/main.c:106:6:StartMotor	8	static
../Core/Src/main.c:146:6:ParseCommand	16	static
../Core/Src/main.c:181:5:main	8	static
../Core/Src/main.c:244:6:SystemClock_Config	72	static
../Core/Src/main.c:284:13:MX_TIM1_Init	96	static
../Core/Src/main.c:359:13:MX_TIM2_Init	56	static
../Core/Src/main.c:409:13:MX_TIM3_Init	32	static
../Core/Src/main.c:454:13:MX_USART1_UART_Init	8	static
../Core/Src/main.c:487:13:MX_GPIO_Init	40	static
../Core/Src/main.c:515:6:HAL_TIM_PeriodElapsedCallback	200	static
../Core/Src/main.c:623:6:HAL_UART_RxCpltCallback	16	static
../Core/Src/main.c:659:6:Error_Handler	4	static,ignoring_inline_asm
